i love  you
